esptool.py v4.5.1
Serial port COM3
Connecting....
Chip is ESP32-S3 (revision v0.2)
Features: WiFi, BLE
Crystal is 40MHz
MAC: fc:01:2c:cc:eb:6c
Uploading stub...
Running stub...
Stub running...
Changing baud rate to 460800
Changed.
Configuring flash size...
Flash will be erased from 0x00000000 to 0x00177fff...
Compressed 1538672 bytes to 963323...
Writing at 0x00000000... (1 %)
Writing at 0x00012e59... (3 %)
Writing at 0x0001c63a... (5 %)
Writing at 0x00022e8c... (6 %)
Writing at 0x0002c7a5... (8 %)
Writing at 0x000380a9... (10 %)
Writing at 0x00042e82... (11 %)
Writing at 0x0004aadc... (13 %)
Writing at 0x00059dda... (15 %)
Writing at 0x000636a4... (16 %)
Writing at 0x000696fa... (18 %)
Writing at 0x0006fba8... (20 %)
Writing at 0x0007578d... (22 %)
Writing at 0x0007b2e9... (23 %)
Writing at 0x00080d31... (25 %)
Writing at 0x00087ad6... (27 %)
Writing at 0x0008d482... (28 %)
Writing at 0x00092a25... (30 %)
Writing at 0x00098107... (32 %)
Writing at 0x0009da5d... (33 %)
Writing at 0x000a35f9... (35 %)
Writing at 0x000a88c6... (37 %)
Writing at 0x000ae0e8... (38 %)
Writing at 0x000b3e8d... (40 %)
Writing at 0x000b97bb... (42 %)
Writing at 0x000bee2b... (44 %)
Writing at 0x000c48e4... (45 %)
Writing at 0x000c99f3... (47 %)
Writing at 0x000ceb57... (49 %)
Writing at 0x000d3a55... (50 %)
Writing at 0x000d8a7e... (52 %)
Writing at 0x000dda27... (54 %)
Writing at 0x000e2fcf... (55 %)
Writing at 0x000e7dea... (57 %)
Writing at 0x000ed701... (59 %)
Writing at 0x000f2d9d... (61 %)
Writing at 0x000f8229... (62 %)
Writing at 0x000fd3b0... (64 %)
Writing at 0x001022f5... (66 %)
Writing at 0x0010706d... (67 %)
Writing at 0x0010cc57... (69 %)
Writing at 0x00112128... (71 %)
Writing at 0x001172e1... (72 %)
Writing at 0x0011c35d... (74 %)
Writing at 0x001212ce... (76 %)
Writing at 0x00126417... (77 %)
Writing at 0x0012b598... (79 %)
Writing at 0x00130a3f... (81 %)
Writing at 0x00135d01... (83 %)
Writing at 0x0013bcee... (84 %)
Writing at 0x00141304... (86 %)
Writing at 0x00146d4d... (88 %)
Writing at 0x0014ce5c... (89 %)
Writing at 0x00155579... (91 %)
Writing at 0x0015d2e4... (93 %)
Writing at 0x00162682... (94 %)
Writing at 0x00167bdb... (96 %)
Writing at 0x0016d555... (98 %)
Writing at 0x00172c57... (100 %)
Wrote 1538672 bytes (963323 compressed) at 0x00000000 in 21.6 seconds (effective 570.3 kbit/s)...
Hash of data verified.

Leaving...
Hard resetting via RTS pin...
